Using pre-set license
Built from '2021.3/staging' branch; Version is '2021.3.25f1 (68ef2c4f8861) revision 6876972'; Using compiler version '192829333'; Build Type 'Release'
OS: 'Windows 11  (10.0.22631) 64bit Core' Language: 'en' Physical Memory: 8034 MB
BatchMode: 1, IsHumanControllingUs: 0, StartBugReporterOnCrash: 0, Is64bit: 1, IsPro: 1

COMMAND LINE ARGUMENTS:
C:\Program Files\Unity\Hub\Editor\2021.3.25f1\Editor\Unity.exe
-adb2
-batchMode
-noUpm
-name
AssetImportWorker0
-projectPath
C:/Users/Coding Minds/Desktop/Unity/cm2-unity1-module2-template
-logFile
Logs/AssetImportWorker0.log
-srvPort
63971
Successfully changed project path to: C:/Users/Coding Minds/Desktop/Unity/cm2-unity1-module2-template
C:/Users/Coding Minds/Desktop/Unity/cm2-unity1-module2-template
[UnityMemory] Configuration Parameters - Can be set up in boot.config
    "memorysetup-bucket-allocator-granularity=16"
    "memorysetup-bucket-allocator-bucket-count=8"
    "memorysetup-bucket-allocator-block-size=33554432"
    "memorysetup-bucket-allocator-block-count=8"
    "memorysetup-main-allocator-block-size=16777216"
    "memorysetup-thread-allocator-block-size=16777216"
    "memorysetup-gfx-main-allocator-block-size=16777216"
    "memorysetup-gfx-thread-allocator-block-size=16777216"
    "memorysetup-cache-allocator-block-size=4194304"
    "memorysetup-typetree-allocator-block-size=2097152"
    "memorysetup-profiler-bucket-allocator-granularity=16"
    "memorysetup-profiler-bucket-allocator-bucket-count=8"
    "memorysetup-profiler-bucket-allocator-block-size=33554432"
    "memorysetup-profiler-bucket-allocator-block-count=8"
    "memorysetup-profiler-allocator-block-size=16777216"
    "memorysetup-profiler-editor-allocator-block-size=1048576"
    "memorysetup-temp-allocator-size-main=16777216"
    "memorysetup-job-temp-allocator-block-size=2097152"
    "memorysetup-job-temp-allocator-block-size-background=1048576"
    "memorysetup-job-temp-allocator-reduction-small-platforms=262144"
    "memorysetup-temp-allocator-size-background-worker=32768"
    "memorysetup-temp-allocator-size-job-worker=262144"
    "memorysetup-temp-allocator-size-preload-manager=33554432"
    "memorysetup-temp-allocator-size-nav-mesh-worker=65536"
    "memorysetup-temp-allocator-size-audio-worker=65536"
    "memorysetup-temp-allocator-size-cloud-worker=32768"
    "memorysetup-temp-allocator-size-gi-baking-worker=262144"
    "memorysetup-temp-allocator-size-gfx=262144"
Player connection [34452] Host "[IP] 192.168.0.31 [Port] 0 [Flags] 2 [Guid] 920079755 [EditorId] 920079755 [Version] 1048832 [Id] WindowsEditor(7,DESKTOP-B1U22T8) [Debug] 1 [PackageName] WindowsEditor [ProjectName] Editor" joined multi-casting on [225.0.0.222:54997]...

Player connection [34452] Host "[IP] 192.168.0.31 [Port] 0 [Flags] 2 [Guid] 920079755 [EditorId] 920079755 [Version] 1048832 [Id] WindowsEditor(7,DESKTOP-B1U22T8) [Debug] 1 [PackageName] WindowsEditor [ProjectName] Editor" joined alternative multi-casting on [225.0.0.222:34997]...

Refreshing native plugins compatible for Editor in 29.82 ms, found 2 plugins.
Preloading 0 native plugins for Editor in 0.00 ms.
Initialize engine version: 2021.3.25f1 (68ef2c4f8861)
[Subsystems] Discovering subsystems at path C:/Program Files/Unity/Hub/Editor/2021.3.25f1/Editor/Data/Resources/UnitySubsystems
[Subsystems] Discovering subsystems at path C:/Users/Coding Minds/Desktop/Unity/cm2-unity1-module2-template/Assets
GfxDevice: creating device client; threaded=0; jobified=0
Direct3D:
    Version:  Direct3D 11.0 [level 11.1]
    Renderer: Intel(R) UHD Graphics 630 (ID=0x3e9b)
    Vendor:   Intel
    VRAM:     4017 MB
    Driver:   31.0.101.2111
Initialize mono
Mono path[0] = 'C:/Program Files/Unity/Hub/Editor/2021.3.25f1/Editor/Data/Managed'
Mono path[1] = 'C:/Program Files/Unity/Hub/Editor/2021.3.25f1/Editor/Data/MonoBleedingEdge/lib/mono/unityjit-win32'
Mono config path = 'C:/Program Files/Unity/Hub/Editor/2021.3.25f1/Editor/Data/MonoBleedingEdge/etc'
Using monoOptions --debugger-agent=transport=dt_socket,embedding=1,server=y,suspend=n,address=127.0.0.1:56000
Begin MonoManager ReloadAssembly
Registering precompiled unity dll's ...
Register platform support module: C:/Program Files/Unity/Hub/Editor/2021.3.25f1/Editor/Data/PlaybackEngines/WebGLSupport/UnityEditor.WebGL.Extensions.dll
Register platform support module: C:/Program Files/Unity/Hub/Editor/2021.3.25f1/Editor/Data/PlaybackEngines/WindowsStandaloneSupport/UnityEditor.WindowsStandalone.Extensions.dll
Registered in 0.007807 seconds.
Native extension for WindowsStandalone target not found
Native extension for WebGL target not found
Refreshing native plugins compatible for Editor in 24.84 ms, found 2 plugins.
Preloading 0 native plugins for Editor in 0.00 ms.
Mono: successfully reloaded assembly
- Completed reload, in  0.921 seconds
Domain Reload Profiling:
	ReloadAssembly (921ms)
		BeginReloadAssembly (128ms)
			ExecutionOrderSort (0ms)
			DisableScriptedObjects (0ms)
			BackupInstance (0ms)
			ReleaseScriptingObjects (0ms)
			CreateAndSetChildDomain (1ms)
		EndReloadAssembly (669ms)
			LoadAssemblies (125ms)
			RebuildTransferFunctionScriptingTraits (0ms)
			SetupTypeCache (187ms)
			ReleaseScriptCaches (0ms)
			RebuildScriptCaches (38ms)
			SetupLoadedEditorAssemblies (365ms)
				LogAssemblyErrors (0ms)
				InitializePlatformSupportModulesInManaged (10ms)
				SetLoadedEditorAssemblies (0ms)
				RefreshPlugins (25ms)
				BeforeProcessingInitializeOnLoad (1ms)
				ProcessInitializeOnLoadAttributes (259ms)
				ProcessInitializeOnLoadMethodAttributes (69ms)
				AfterProcessingInitializeOnLoad (0ms)
				EditorAssembliesLoaded (0ms)
			ExecutionOrderSort2 (0ms)
			AwakeInstancesAfterBackupRestoration (0ms)
Platform modules already initialized, skipping
Registering precompiled user dll's ...
Registered in 0.002674 seconds.
Begin MonoManager ReloadAssembly
Native extension for WindowsStandalone target not found
Native extension for WebGL target not found
Refreshing native plugins compatible for Editor in 0.28 ms, found 2 plugins.
Preloading 0 native plugins for Editor in 0.00 ms.
Mono: successfully reloaded assembly
- Completed reload, in  1.053 seconds
Domain Reload Profiling:
	ReloadAssembly (1054ms)
		BeginReloadAssembly (164ms)
			ExecutionOrderSort (0ms)
			DisableScriptedObjects (6ms)
			BackupInstance (0ms)
			ReleaseScriptingObjects (0ms)
			CreateAndSetChildDomain (27ms)
		EndReloadAssembly (758ms)
			LoadAssemblies (99ms)
			RebuildTransferFunctionScriptingTraits (0ms)
			SetupTypeCache (243ms)
			ReleaseScriptCaches (0ms)
			RebuildScriptCaches (69ms)
			SetupLoadedEditorAssemblies (318ms)
				LogAssemblyErrors (0ms)
				InitializePlatformSupportModulesInManaged (7ms)
				SetLoadedEditorAssemblies (0ms)
				RefreshPlugins (0ms)
				BeforeProcessingInitializeOnLoad (55ms)
				ProcessInitializeOnLoadAttributes (228ms)
				ProcessInitializeOnLoadMethodAttributes (20ms)
				AfterProcessingInitializeOnLoad (8ms)
				EditorAssembliesLoaded (0ms)
			ExecutionOrderSort2 (0ms)
			AwakeInstancesAfterBackupRestoration (7ms)
Platform modules already initialized, skipping
========================================================================
Worker process is ready to serve import requests
Launched and connected shader compiler UnityShaderCompiler.exe after 0.07 seconds
Refreshing native plugins compatible for Editor in 0.30 ms, found 2 plugins.
Preloading 0 native plugins for Editor in 0.00 ms.
Unloading 1368 Unused Serialized files (Serialized files now loaded: 0)
Unloading 16 unused Assets / (56.4 KB). Loaded Objects now: 1838.
Memory consumption went from 65.4 MB to 65.4 MB.
Total: 2.863100 ms (FindLiveObjects: 0.162700 ms CreateObjectMapping: 0.059800 ms MarkObjects: 2.564500 ms  DeleteObjects: 0.075200 ms)

AssetImportParameters requested are different than current active one (requested -> active):
  custom:video-decoder-ogg-theora: a1e56fd34408186e4bbccfd4996cb3dc -> 
  custom:container-muxer-webm: aa71ff27fc2769a1b78a27578f13a17b -> 
  custom:container-demuxer-webm: 4f35f7cbe854078d1ac9338744f61a02 -> 
  custom:video-encoder-webm-vp8: eb34c28f22e8b96e1ab97ce403110664 -> 
  custom:audio-encoder-webm-vorbis: bf7c407c2cedff20999df2af8eb42d56 -> 
  custom:framework-win-MediaFoundation: 216162199b28c13a410421893ffa2e32 -> 
  custom:container-demuxer-ogg: 62fdf1f143b41e24485cea50d1cbac27 -> 
  custom:video-decoder-webm-vp8: 9c59270c3fd7afecdb556c50c9e8de78 -> 
  custom:audio-decoder-ogg-vorbis: bf7c407c2cedff20999df2af8eb42d56 -> 
========================================================================
Received Import Request.
  Time since last request: 7254875.220331 seconds.
  path: Assets/Scenes/New Material.mat
  artifactKey: Guid(7ab449d058d5abd4aa71e67be78f3625) Importer(815301076,1909f56bfc062723c751e8b465ee728b)
Start importing Assets/Scenes/New Material.mat using Guid(7ab449d058d5abd4aa71e67be78f3625) Importer(815301076,1909f56bfc062723c751e8b465ee728b)  -> (artifact id: '084fe919490b1d7d15a303547ef4e06b') in 0.168302 seconds 
========================================================================
Received Import Request.
  Time since last request: 47.979382 seconds.
  path: Assets/Scenes/grass.mat
  artifactKey: Guid(7ab449d058d5abd4aa71e67be78f3625) Importer(815301076,1909f56bfc062723c751e8b465ee728b)
Start importing Assets/Scenes/grass.mat using Guid(7ab449d058d5abd4aa71e67be78f3625) Importer(815301076,1909f56bfc062723c751e8b465ee728b)  -> (artifact id: 'dea95773c97accbf4055089db5d550dd') in 0.041631 seconds 
========================================================================
Received Import Request.
  Time since last request: 102.524028 seconds.
  path: Assets/Scenes/Grass 1.png
  artifactKey: Guid(a5087d165e601314a82fdac0533083aa) Importer(815301076,1909f56bfc062723c751e8b465ee728b)
Start importing Assets/Scenes/Grass 1.png using Guid(a5087d165e601314a82fdac0533083aa) Importer(815301076,1909f56bfc062723c751e8b465ee728b)  -> (artifact id: '4b57aee7106e1829cc642b61c383f41f') in 0.068235 seconds 
========================================================================
Received Import Request.
  Time since last request: 243.848541 seconds.
  path: Assets/Scenes/purple platforms.mat
  artifactKey: Guid(86a1208f53f082840bde0bdd31bfaa40) Importer(815301076,1909f56bfc062723c751e8b465ee728b)
Start importing Assets/Scenes/purple platforms.mat using Guid(86a1208f53f082840bde0bdd31bfaa40) Importer(815301076,1909f56bfc062723c751e8b465ee728b)  -> (artifact id: 'f7e269c19e06adbf9aabc41df526e5e5') in 0.051935 seconds 
========================================================================
Received Import Request.
  Time since last request: 14.187177 seconds.
  path: Assets/Scenes/istockphoto-521011652-612x612.jpg
  artifactKey: Guid(de8d625e41fffa341b9a270782292283) Importer(815301076,1909f56bfc062723c751e8b465ee728b)
Start importing Assets/Scenes/istockphoto-521011652-612x612.jpg using Guid(de8d625e41fffa341b9a270782292283) Importer(815301076,1909f56bfc062723c751e8b465ee728b)  -> (artifact id: '9c510ec7a8359294f6a8cdcd9b565f46') in 0.042524 seconds 
========================================================================
Received Prepare
Registering precompiled user dll's ...
Registered in 0.002855 seconds.
Begin MonoManager ReloadAssembly
Native extension for WindowsStandalone target not found
Native extension for WebGL target not found
Refreshing native plugins compatible for Editor in 1.20 ms, found 2 plugins.
Preloading 0 native plugins for Editor in 0.00 ms.
Mono: successfully reloaded assembly
- Completed reload, in  2.263 seconds
Domain Reload Profiling:
	ReloadAssembly (2265ms)
		BeginReloadAssembly (246ms)
			ExecutionOrderSort (0ms)
			DisableScriptedObjects (7ms)
			BackupInstance (0ms)
			ReleaseScriptingObjects (0ms)
			CreateAndSetChildDomain (35ms)
		EndReloadAssembly (1742ms)
			LoadAssemblies (205ms)
			RebuildTransferFunctionScriptingTraits (0ms)
			SetupTypeCache (497ms)
			ReleaseScriptCaches (2ms)
			RebuildScriptCaches (123ms)
			SetupLoadedEditorAssemblies (807ms)
				LogAssemblyErrors (0ms)
				InitializePlatformSupportModulesInManaged (22ms)
				SetLoadedEditorAssemblies (1ms)
				RefreshPlugins (1ms)
				BeforeProcessingInitializeOnLoad (116ms)
				ProcessInitializeOnLoadAttributes (588ms)
				ProcessInitializeOnLoadMethodAttributes (61ms)
				AfterProcessingInitializeOnLoad (17ms)
				EditorAssembliesLoaded (1ms)
			ExecutionOrderSort2 (0ms)
			AwakeInstancesAfterBackupRestoration (19ms)
Platform modules already initialized, skipping
Refreshing native plugins compatible for Editor in 4.49 ms, found 2 plugins.
Preloading 0 native plugins for Editor in 0.00 ms.
Unloading 1349 Unused Serialized files (Serialized files now loaded: 0)
Unloading 9 unused Assets / (24.6 KB). Loaded Objects now: 1883.
Memory consumption went from 67.9 MB to 67.9 MB.
Total: 7.325800 ms (FindLiveObjects: 0.197400 ms CreateObjectMapping: 0.079200 ms MarkObjects: 6.998100 ms  DeleteObjects: 0.049200 ms)

AssetImportParameters requested are different than current active one (requested -> active):
  custom:video-decoder-ogg-theora: a1e56fd34408186e4bbccfd4996cb3dc -> 
  custom:container-muxer-webm: aa71ff27fc2769a1b78a27578f13a17b -> 
  custom:container-demuxer-webm: 4f35f7cbe854078d1ac9338744f61a02 -> 
  custom:video-encoder-webm-vp8: eb34c28f22e8b96e1ab97ce403110664 -> 
  custom:audio-encoder-webm-vorbis: bf7c407c2cedff20999df2af8eb42d56 -> 
  custom:framework-win-MediaFoundation: 216162199b28c13a410421893ffa2e32 -> 
  custom:container-demuxer-ogg: 62fdf1f143b41e24485cea50d1cbac27 -> 
  custom:video-decoder-webm-vp8: 9c59270c3fd7afecdb556c50c9e8de78 -> 
  custom:audio-decoder-ogg-vorbis: bf7c407c2cedff20999df2af8eb42d56 -> 
========================================================================
Received Import Request.
  Time since last request: 365.446623 seconds.
  path: Assets/ARCADE - FREE Racing Car
  artifactKey: Guid(ba15716d16a853b47a974d4b5430ca61) Importer(815301076,1909f56bfc062723c751e8b465ee728b)
Start importing Assets/ARCADE - FREE Racing Car using Guid(ba15716d16a853b47a974d4b5430ca61) Importer(815301076,1909f56bfc062723c751e8b465ee728b)  -> (artifact id: '203736fe9238b2bf8f1c23cc9785c602') in 0.031081 seconds 
========================================================================
Received Import Request.
  Time since last request: 16.259728 seconds.
  path: Assets/Scenes/New Material.mat
  artifactKey: Guid(0d1c5767d1bddcd4ebfcb316501937c4) Importer(815301076,1909f56bfc062723c751e8b465ee728b)
Start importing Assets/Scenes/New Material.mat using Guid(0d1c5767d1bddcd4ebfcb316501937c4) Importer(815301076,1909f56bfc062723c751e8b465ee728b)  -> (artifact id: '5b3958c8bd31cf4c4afc18a15f6f4d1a') in 0.112003 seconds 
========================================================================
Received Import Request.
  Time since last request: 23.375144 seconds.
  path: Assets/Scenes/spawn point.mat
  artifactKey: Guid(0d1c5767d1bddcd4ebfcb316501937c4) Importer(815301076,1909f56bfc062723c751e8b465ee728b)
Start importing Assets/Scenes/spawn point.mat using Guid(0d1c5767d1bddcd4ebfcb316501937c4) Importer(815301076,1909f56bfc062723c751e8b465ee728b)  -> (artifact id: '72da87fa11ee8d77d59671a6071dee8f') in 0.046841 seconds 
========================================================================
Received Import Request.
  Time since last request: 58.870679 seconds.
  path: Assets/Scenes/noFilter.webp
  artifactKey: Guid(5b379d79f54443444a84e608a97e8365) Importer(815301076,1909f56bfc062723c751e8b465ee728b)
Start importing Assets/Scenes/noFilter.webp using Guid(5b379d79f54443444a84e608a97e8365) Importer(815301076,1909f56bfc062723c751e8b465ee728b)  -> (artifact id: '2de3292fcf09c6add4fae453b47cc328') in 0.061229 seconds 
========================================================================
Received Import Request.
  Time since last request: 98.541910 seconds.
  path: Assets/Scenes/377028.png
  artifactKey: Guid(411a3e3992bb0cb4ea222077c5f5cd22) Importer(815301076,1909f56bfc062723c751e8b465ee728b)
Start importing Assets/Scenes/377028.png using Guid(411a3e3992bb0cb4ea222077c5f5cd22) Importer(815301076,1909f56bfc062723c751e8b465ee728b)  -> (artifact id: '2d2d5981d53b5a2558be25b3f448c7aa') in 0.052135 seconds 
========================================================================
Received Import Request.
  Time since last request: 88.951461 seconds.
  path: Assets/Scenes/Lesson 2-4.unity
  artifactKey: Guid(f6a36384918994ec7ad6a9e83ff17795) Importer(815301076,1909f56bfc062723c751e8b465ee728b)
Start importing Assets/Scenes/Lesson 2-4.unity using Guid(f6a36384918994ec7ad6a9e83ff17795) Importer(815301076,1909f56bfc062723c751e8b465ee728b)  -> (artifact id: '9a3689238db4a00d1dc4b8a567342c3d') in 0.030973 seconds 
========================================================================
Received Prepare
Registering precompiled user dll's ...
Registered in 0.003574 seconds.
Begin MonoManager ReloadAssembly
Native extension for WindowsStandalone target not found
Native extension for WebGL target not found
Refreshing native plugins compatible for Editor in 0.74 ms, found 2 plugins.
Preloading 0 native plugins for Editor in 0.00 ms.
Mono: successfully reloaded assembly
- Completed reload, in  2.760 seconds
Domain Reload Profiling:
	ReloadAssembly (2763ms)
		BeginReloadAssembly (455ms)
			ExecutionOrderSort (0ms)
			DisableScriptedObjects (15ms)
			BackupInstance (0ms)
			ReleaseScriptingObjects (0ms)
			CreateAndSetChildDomain (103ms)
		EndReloadAssembly (1983ms)
			LoadAssemblies (322ms)
			RebuildTransferFunctionScriptingTraits (0ms)
			SetupTypeCache (577ms)
			ReleaseScriptCaches (4ms)
			RebuildScriptCaches (154ms)
			SetupLoadedEditorAssemblies (885ms)
				LogAssemblyErrors (0ms)
				InitializePlatformSupportModulesInManaged (25ms)
				SetLoadedEditorAssemblies (1ms)
				RefreshPlugins (1ms)
				BeforeProcessingInitializeOnLoad (125ms)
				ProcessInitializeOnLoadAttributes (656ms)
				ProcessInitializeOnLoadMethodAttributes (57ms)
				AfterProcessingInitializeOnLoad (19ms)
				EditorAssembliesLoaded (1ms)
			ExecutionOrderSort2 (0ms)
			AwakeInstancesAfterBackupRestoration (24ms)
Platform modules already initialized, skipping
Refreshing native plugins compatible for Editor in 4.24 ms, found 2 plugins.
Preloading 0 native plugins for Editor in 0.00 ms.
Unloading 1349 Unused Serialized files (Serialized files now loaded: 0)
Unloading 9 unused Assets / (24.6 KB). Loaded Objects now: 1886.
Memory consumption went from 67.9 MB to 67.8 MB.
Total: 11.210600 ms (FindLiveObjects: 0.660900 ms CreateObjectMapping: 1.022500 ms MarkObjects: 9.469000 ms  DeleteObjects: 0.055700 ms)

AssetImportParameters requested are different than current active one (requested -> active):
  custom:video-decoder-ogg-theora: a1e56fd34408186e4bbccfd4996cb3dc -> 
  custom:container-muxer-webm: aa71ff27fc2769a1b78a27578f13a17b -> 
  custom:container-demuxer-webm: 4f35f7cbe854078d1ac9338744f61a02 -> 
  custom:video-encoder-webm-vp8: eb34c28f22e8b96e1ab97ce403110664 -> 
  custom:audio-encoder-webm-vorbis: bf7c407c2cedff20999df2af8eb42d56 -> 
  custom:framework-win-MediaFoundation: 216162199b28c13a410421893ffa2e32 -> 
  custom:container-demuxer-ogg: 62fdf1f143b41e24485cea50d1cbac27 -> 
  custom:video-decoder-webm-vp8: 9c59270c3fd7afecdb556c50c9e8de78 -> 
  custom:audio-decoder-ogg-vorbis: bf7c407c2cedff20999df2af8eb42d56 -> 
========================================================================
Received Prepare
Registering precompiled user dll's ...
Registered in 0.003574 seconds.
Begin MonoManager ReloadAssembly
Native extension for WindowsStandalone target not found
Native extension for WebGL target not found
Refreshing native plugins compatible for Editor in 0.32 ms, found 2 plugins.
Preloading 0 native plugins for Editor in 0.00 ms.
Mono: successfully reloaded assembly
- Completed reload, in  1.216 seconds
Domain Reload Profiling:
	ReloadAssembly (1219ms)
		BeginReloadAssembly (134ms)
			ExecutionOrderSort (0ms)
			DisableScriptedObjects (6ms)
			BackupInstance (0ms)
			ReleaseScriptingObjects (0ms)
			CreateAndSetChildDomain (27ms)
		EndReloadAssembly (963ms)
			LoadAssemblies (90ms)
			RebuildTransferFunctionScriptingTraits (0ms)
			SetupTypeCache (213ms)
			ReleaseScriptCaches (1ms)
			RebuildScriptCaches (39ms)
			SetupLoadedEditorAssemblies (510ms)
				LogAssemblyErrors (0ms)
				InitializePlatformSupportModulesInManaged (9ms)
				SetLoadedEditorAssemblies (1ms)
				RefreshPlugins (0ms)
				BeforeProcessingInitializeOnLoad (46ms)
				ProcessInitializeOnLoadAttributes (375ms)
				ProcessInitializeOnLoadMethodAttributes (57ms)
				AfterProcessingInitializeOnLoad (22ms)
				EditorAssembliesLoaded (2ms)
			ExecutionOrderSort2 (0ms)
			AwakeInstancesAfterBackupRestoration (29ms)
Platform modules already initialized, skipping
Refreshing native plugins compatible for Editor in 4.50 ms, found 2 plugins.
Preloading 0 native plugins for Editor in 0.00 ms.
Unloading 1349 Unused Serialized files (Serialized files now loaded: 0)
Unloading 9 unused Assets / (24.6 KB). Loaded Objects now: 1889.
Memory consumption went from 67.9 MB to 67.9 MB.
Total: 6.276200 ms (FindLiveObjects: 0.248500 ms CreateObjectMapping: 0.146000 ms MarkObjects: 5.835400 ms  DeleteObjects: 0.044700 ms)

AssetImportParameters requested are different than current active one (requested -> active):
  custom:video-decoder-ogg-theora: a1e56fd34408186e4bbccfd4996cb3dc -> 
  custom:container-muxer-webm: aa71ff27fc2769a1b78a27578f13a17b -> 
  custom:container-demuxer-webm: 4f35f7cbe854078d1ac9338744f61a02 -> 
  custom:video-encoder-webm-vp8: eb34c28f22e8b96e1ab97ce403110664 -> 
  custom:audio-encoder-webm-vorbis: bf7c407c2cedff20999df2af8eb42d56 -> 
  custom:framework-win-MediaFoundation: 216162199b28c13a410421893ffa2e32 -> 
  custom:container-demuxer-ogg: 62fdf1f143b41e24485cea50d1cbac27 -> 
  custom:video-decoder-webm-vp8: 9c59270c3fd7afecdb556c50c9e8de78 -> 
  custom:audio-decoder-ogg-vorbis: bf7c407c2cedff20999df2af8eb42d56 -> 
========================================================================
Received Import Request.
  Time since last request: 125.755145 seconds.
  path: Assets/Scenes/Tower.fbx
  artifactKey: Guid(bc59363f26f33264abb3eef75169bb8f) Importer(815301076,1909f56bfc062723c751e8b465ee728b)
Start importing Assets/Scenes/Tower.fbx using Guid(bc59363f26f33264abb3eef75169bb8f) Importer(815301076,1909f56bfc062723c751e8b465ee728b)  -> (artifact id: '6fb9c875bb7df663b1bdfb5f89132129') in 0.257216 seconds 
========================================================================
Received Prepare
Registering precompiled user dll's ...
Registered in 0.003996 seconds.
Begin MonoManager ReloadAssembly
Native extension for WindowsStandalone target not found
Native extension for WebGL target not found
Refreshing native plugins compatible for Editor in 1.23 ms, found 2 plugins.
Preloading 0 native plugins for Editor in 0.00 ms.
Mono: successfully reloaded assembly
- Completed reload, in  2.666 seconds
Domain Reload Profiling:
	ReloadAssembly (2668ms)
		BeginReloadAssembly (360ms)
			ExecutionOrderSort (0ms)
			DisableScriptedObjects (8ms)
			BackupInstance (0ms)
			ReleaseScriptingObjects (0ms)
			CreateAndSetChildDomain (56ms)
		EndReloadAssembly (2017ms)
			LoadAssemblies (301ms)
			RebuildTransferFunctionScriptingTraits (0ms)
			SetupTypeCache (595ms)
			ReleaseScriptCaches (3ms)
			RebuildScriptCaches (127ms)
			SetupLoadedEditorAssemblies (939ms)
				LogAssemblyErrors (0ms)
				InitializePlatformSupportModulesInManaged (24ms)
				SetLoadedEditorAssemblies (1ms)
				RefreshPlugins (1ms)
				BeforeProcessingInitializeOnLoad (123ms)
				ProcessInitializeOnLoadAttributes (699ms)
				ProcessInitializeOnLoadMethodAttributes (70ms)
				AfterProcessingInitializeOnLoad (20ms)
				EditorAssembliesLoaded (0ms)
			ExecutionOrderSort2 (0ms)
			AwakeInstancesAfterBackupRestoration (23ms)
Platform modules already initialized, skipping
Refreshing native plugins compatible for Editor in 4.25 ms, found 2 plugins.
Preloading 0 native plugins for Editor in 0.00 ms.
Unloading 1349 Unused Serialized files (Serialized files now loaded: 0)
Unloading 9 unused Assets / (24.7 KB). Loaded Objects now: 1895.
Memory consumption went from 68.1 MB to 68.0 MB.
Total: 9.379700 ms (FindLiveObjects: 0.714500 ms CreateObjectMapping: 0.377000 ms MarkObjects: 8.154400 ms  DeleteObjects: 0.123000 ms)

AssetImportParameters requested are different than current active one (requested -> active):
  custom:video-decoder-ogg-theora: a1e56fd34408186e4bbccfd4996cb3dc -> 
  custom:container-muxer-webm: aa71ff27fc2769a1b78a27578f13a17b -> 
  custom:container-demuxer-webm: 4f35f7cbe854078d1ac9338744f61a02 -> 
  custom:video-encoder-webm-vp8: eb34c28f22e8b96e1ab97ce403110664 -> 
  custom:audio-encoder-webm-vorbis: bf7c407c2cedff20999df2af8eb42d56 -> 
  custom:framework-win-MediaFoundation: 216162199b28c13a410421893ffa2e32 -> 
  custom:container-demuxer-ogg: 62fdf1f143b41e24485cea50d1cbac27 -> 
  custom:video-decoder-webm-vp8: 9c59270c3fd7afecdb556c50c9e8de78 -> 
  custom:audio-decoder-ogg-vorbis: bf7c407c2cedff20999df2af8eb42d56 -> 
========================================================================
Received Import Request.
  Time since last request: 300.043673 seconds.
  path: Assets/Scenes/Cube_Bricks.fbx
  artifactKey: Guid(f8b1f9c1ecf1e294f986e38c8a1f953a) Importer(815301076,1909f56bfc062723c751e8b465ee728b)
Start importing Assets/Scenes/Cube_Bricks.fbx using Guid(f8b1f9c1ecf1e294f986e38c8a1f953a) Importer(815301076,1909f56bfc062723c751e8b465ee728b)  -> (artifact id: '618c8973a3db0c9e1ccea0b998232ced') in 0.148282 seconds 
========================================================================
Received Import Request.
  Time since last request: 111.976508 seconds.
  path: Assets/Scenes/Cannon.fbx
  artifactKey: Guid(e961f36e40b9a584b9171c895c3a3dae) Importer(815301076,1909f56bfc062723c751e8b465ee728b)
Start importing Assets/Scenes/Cannon.fbx using Guid(e961f36e40b9a584b9171c895c3a3dae) Importer(815301076,1909f56bfc062723c751e8b465ee728b)  -> (artifact id: '1aac229a7022dd5ab4ef6a3622e7f353') in 0.095934 seconds 
========================================================================
Received Import Request.
  Time since last request: 571.236943 seconds.
  path: Assets/Coin.fbx
  artifactKey: Guid(7a70c85995089634aaed33a6b2ad3556) Importer(815301076,1909f56bfc062723c751e8b465ee728b)
Start importing Assets/Coin.fbx using Guid(7a70c85995089634aaed33a6b2ad3556) Importer(815301076,1909f56bfc062723c751e8b465ee728b)  -> (artifact id: 'c4e06e41a48332e328d5d3ef633ebf4d') in 0.052198 seconds 
========================================================================
Received Import Request.
  Time since last request: 8.225011 seconds.
  path: Assets/Solutions/Prefabs/PickUp Cube.prefab
  artifactKey: Guid(0bda03590e1d54d4c80ffc778eab6dd1) Importer(815301076,1909f56bfc062723c751e8b465ee728b)
Start importing Assets/Solutions/Prefabs/PickUp Cube.prefab using Guid(0bda03590e1d54d4c80ffc778eab6dd1) Importer(815301076,1909f56bfc062723c751e8b465ee728b)  -> (artifact id: 'b385bc50b4aeb01fec3492dd549b91ea') in 0.100514 seconds 
========================================================================
Received Import Request.
  Time since last request: 11.614448 seconds.
  path: Assets/Solutions/Lesson 2-5/NavMesh.asset
  artifactKey: Guid(65cb066e962ebe942bdbfa5bbd38e964) Importer(815301076,1909f56bfc062723c751e8b465ee728b)
Start importing Assets/Solutions/Lesson 2-5/NavMesh.asset using Guid(65cb066e962ebe942bdbfa5bbd38e964) Importer(815301076,1909f56bfc062723c751e8b465ee728b)  -> (artifact id: 'cd2e95c8dafb1519215ec6c3ae0398e8') in 0.037018 seconds 
========================================================================
Received Import Request.
  Time since last request: 7.972663 seconds.
  path: Assets/Solutions/Prefabs/PickUp Cube.prefab
  artifactKey: Guid(0bda03590e1d54d4c80ffc778eab6dd1) Importer(815301076,1909f56bfc062723c751e8b465ee728b)
Start importing Assets/Solutions/Prefabs/PickUp Cube.prefab using Guid(0bda03590e1d54d4c80ffc778eab6dd1) Importer(815301076,1909f56bfc062723c751e8b465ee728b)  -> (artifact id: '36afb24ddd20912edb50046e6a584d9e') in 0.037783 seconds 
========================================================================
Received Import Request.
  Time since last request: 0.529593 seconds.
  path: Assets/Solutions/Prefabs/PickUp Cube.prefab
  artifactKey: Guid(0bda03590e1d54d4c80ffc778eab6dd1) Importer(815301076,1909f56bfc062723c751e8b465ee728b)
Start importing Assets/Solutions/Prefabs/PickUp Cube.prefab using Guid(0bda03590e1d54d4c80ffc778eab6dd1) Importer(815301076,1909f56bfc062723c751e8b465ee728b)  -> (artifact id: 'f7b8516dbe28b444cb3d743aec1a2256') in 0.045036 seconds 
========================================================================
Received Prepare
Registering precompiled user dll's ...
Registered in 0.002748 seconds.
Begin MonoManager ReloadAssembly
Native extension for WindowsStandalone target not found
Native extension for WebGL target not found
Refreshing native plugins compatible for Editor in 0.58 ms, found 2 plugins.
Preloading 0 native plugins for Editor in 0.00 ms.
Mono: successfully reloaded assembly
- Completed reload, in  2.294 seconds
Domain Reload Profiling:
	ReloadAssembly (2295ms)
		BeginReloadAssembly (314ms)
			ExecutionOrderSort (0ms)
			DisableScriptedObjects (5ms)
			BackupInstance (0ms)
			ReleaseScriptingObjects (0ms)
			CreateAndSetChildDomain (59ms)
		EndReloadAssembly (1722ms)
			LoadAssemblies (259ms)
			RebuildTransferFunctionScriptingTraits (0ms)
			SetupTypeCache (537ms)
			ReleaseScriptCaches (2ms)
			RebuildScriptCaches (121ms)
			SetupLoadedEditorAssemblies (752ms)
				LogAssemblyErrors (0ms)
				InitializePlatformSupportModulesInManaged (19ms)
				SetLoadedEditorAssemblies (1ms)
				RefreshPlugins (1ms)
				BeforeProcessingInitializeOnLoad (105ms)
				ProcessInitializeOnLoadAttributes (556ms)
				ProcessInitializeOnLoadMethodAttributes (52ms)
				AfterProcessingInitializeOnLoad (18ms)
				EditorAssembliesLoaded (0ms)
			ExecutionOrderSort2 (0ms)
			AwakeInstancesAfterBackupRestoration (18ms)
Platform modules already initialized, skipping
Refreshing native plugins compatible for Editor in 4.81 ms, found 2 plugins.
Preloading 0 native plugins for Editor in 0.00 ms.
Unloading 1349 Unused Serialized files (Serialized files now loaded: 0)
Unloading 9 unused Assets / (24.6 KB). Loaded Objects now: 1899.
Memory consumption went from 68.2 MB to 68.1 MB.
Total: 9.655600 ms (FindLiveObjects: 0.392000 ms CreateObjectMapping: 0.308300 ms MarkObjects: 8.870500 ms  DeleteObjects: 0.082700 ms)

AssetImportParameters requested are different than current active one (requested -> active):
  custom:video-decoder-ogg-theora: a1e56fd34408186e4bbccfd4996cb3dc -> 
  custom:container-muxer-webm: aa71ff27fc2769a1b78a27578f13a17b -> 
  custom:container-demuxer-webm: 4f35f7cbe854078d1ac9338744f61a02 -> 
  custom:video-encoder-webm-vp8: eb34c28f22e8b96e1ab97ce403110664 -> 
  custom:audio-encoder-webm-vorbis: bf7c407c2cedff20999df2af8eb42d56 -> 
  custom:framework-win-MediaFoundation: 216162199b28c13a410421893ffa2e32 -> 
  custom:container-demuxer-ogg: 62fdf1f143b41e24485cea50d1cbac27 -> 
  custom:video-decoder-webm-vp8: 9c59270c3fd7afecdb556c50c9e8de78 -> 
  custom:audio-decoder-ogg-vorbis: bf7c407c2cedff20999df2af8eb42d56 -> 
